// Jest Snapshot v1, https://jestjs.io/docs/snapshot-testing

exports[`CheckOutStepTwo should render correctly with default props 1`] = `
<DocumentFragment>
  <div
    class="page_wrapper"
    id="page_wrapper"
  >
    <div
      id="contents_wrapper"
    >
      <div
        class="header_container"
        data-test="header-container"
        id="header_container"
      >
        <div
          class="primary_header"
          data-test="primary-header"
        >
          <div
            id="menu_button_container"
          >
            <div>
              <div>
                <div
                  class="bm-burger-button"
                  style="z-index: 1000;"
                >
                  <button
                    id="react-burger-menu-btn"
                    style="position: absolute; left: 0px; top: 0px; z-index: 1; width: 100%; height: 100%; margin: 0px; padding: 0px; font-size: 0px; background: transparent; cursor: pointer;"
                    type="button"
                  >
                    Open Menu
                  </button>
                  <img
                    alt="Open Menu"
                    class="bm-icon"
                    data-test="open-menu"
                    src="test-file-stub"
                    srcset="test-file-stub"
                    style="width: 100%; height: 100%;"
                  />
                </div>
              </div>
              <div
                aria-hidden="true"
                class="bm-menu-wrap"
                id=""
                style="position: fixed; right: inherit; z-index: 1100; width: 300px; height: 100%; -webkit-transform: translate3d(-100%, 0, 0); transform: translate3d(-100%, 0, 0); transition: all 0.5s;"
              >
                <div
                  class="bm-menu"
                  style="height: 100%; box-sizing: border-box; overflow: auto;"
                >
                  <nav
                    class="bm-item-list"
                    style="height: 100%;"
                  >
                    <a
                      class="bm-item menu-item"
                      data-test="inventory-sidebar-link"
                      href="#"
                      id="inventory_sidebar_link"
                      style="display: block;"
                      tabindex="-1"
                    >
                      All Items
                    </a>
                    <a
                      class="bm-item menu-item"
                      data-test="about-sidebar-link"
                      href="https://saucelabs.com/"
                      id="about_sidebar_link"
                      style="display: block;"
                      tabindex="-1"
                    >
                      About
                    </a>
                    <a
                      class="bm-item menu-item"
                      data-test="logout-sidebar-link"
                      href="#"
                      id="logout_sidebar_link"
                      style="display: block;"
                      tabindex="-1"
                    >
                      Logout
                    </a>
                    <a
                      class="bm-item menu-item"
                      data-test="reset-sidebar-link"
                      href="#"
                      id="reset_sidebar_link"
                      style="display: block;"
                      tabindex="-1"
                    >
                      Reset App State
                    </a>
                  </nav>
                </div>
                <div>
                  <div
                    class="bm-cross-button"
                    style="position: absolute; width: 24px; height: 24px; right: 8px; top: 8px;"
                  >
                    <button
                      id="react-burger-cross-btn"
                      style="position: absolute; left: 0px; top: 0px; z-index: 1; width: 100%; height: 100%; margin: 0px; padding: 0px; font-size: 0px; background: transparent; cursor: pointer;"
                      tabindex="-1"
                      type="button"
                    >
                      Close Menu
                    </button>
                    <img
                      alt="Close Menu"
                      class="bm-cross"
                      data-test="close-menu"
                      src="test-file-stub"
                      srcset="test-file-stub"
                      style="width: 100%; height: 100%;"
                    />
                  </div>
                </div>
              </div>
            </div>
          </div>
          <div
            class="header_label"
          >
            <div
              class="app_logo"
            >
              Swag Labs
            </div>
          </div>
          <div
            class="shopping_cart_container"
            id="shopping_cart_container"
          >
            <a
              class="shopping_cart_link"
              data-test="shopping-cart-link"
            />
          </div>
        </div>
        <div
          class="header_secondary_container"
          data-test="secondary-header"
        >
          <span
            class="title"
            data-test="title"
          >
            Checkout: Complete!
          </span>
        </div>
      </div>
      <div
        class="checkout_complete_container"
        data-test="checkout-complete-container"
        id="checkout_complete_container"
      >
        <img
          alt="Pony Express"
          class="pony_express"
          data-test="pony-express"
          src="test-file-stub"
        />
        <h2
          class="complete-header"
          data-test="complete-header"
        >
          Thank you for your order!
        </h2>
        <div
          class="complete-text"
          data-test="complete-text"
        >
          Your order has been dispatched, and will arrive just as fast as the pony can get there!
        </div>
        <button
          class="btn btn_primary btn_small"
          data-test="back-to-products"
          id="back-to-products"
          name="back-to-products"
        >
          Back Home
        </button>
      </div>
    </div>
    <footer
      class="footer"
      data-test="footer"
    >
      <ul
        class="social"
      >
        <li
          class="social_twitter"
        >
          <a
            data-test="social-twitter"
            href="https://twitter.com/saucelabs"
            rel="noreferrer"
            target="_blank"
          >
            Twitter
          </a>
        </li>
        <li
          class="social_facebook"
        >
          <a
            data-test="social-facebook"
            href="https://www.facebook.com/saucelabs"
            rel="noreferrer"
            target="_blank"
          >
            Facebook
          </a>
        </li>
        <li
          class="social_linkedin"
        >
          <a
            data-test="social-linkedin"
            href="https://www.linkedin.com/company/sauce-labs/"
            rel="noreferrer"
            target="_blank"
          >
            LinkedIn
          </a>
        </li>
      </ul>
      <div
        class="footer_copy"
        data-test="footer-copy"
      >
        © 2026 Sauce Labs. All Rights Reserved. Terms of Service | Privacy Policy
      </div>
    </footer>
  </div>
</DocumentFragment>
`;
