// Jest Snapshot v1, https://goo.gl/fbAQLP

exports[`InventoryListItem should render with default props 1`] = `
<div
  className="inventory_item"
>
  <div
    className="inventory_item_img"
  >
    <a
      href="#"
      id="item_1_img_link"
      onClick={[Function]}
    >
      <img
        alt="Swag Item name"
        className="inventory_item_img"
      />
    </a>
  </div>
  <div
    className="inventory_item_description"
  >
    <div
      className="inventory_item_label"
    >
      <a
        href="#"
        id="item_1_title_link"
        onClick={[Function]}
      >
        <div
          className="inventory_item_name"
        >
          Swag Item name
        </div>
      </a>
      <div
        className="inventory_item_desc"
      >
        Swag Item description
      </div>
    </div>
    <div
      className="pricebar"
    >
      <div
        className="inventory_item_price"
      >
        $
        9.99
      </div>
      <ButtonType
        id={1}
        item="Swag Item name"
        itemInCart={false}
      />
    </div>
  </div>
</div>
`;
